// Jest Snapshot v1, https://goo.gl/fbAQLP

exports[`SignUp Component renders without crashing 1`] = `
ShallowWrapper {
  "length": 1,
  Symbol(enzyme.__root__): [Circular],
  Symbol(enzyme.__unrendered__): <SignUp />,
  Symbol(enzyme.__renderer__): Object {
    "batchedUpdates": [Function],
    "getNode": [Function],
    "render": [Function],
    "simulateEvent": [Function],
    "unmount": [Function],
  },
  Symbol(enzyme.__node__): Object {
    "instance": null,
    "key": undefined,
    "nodeType": "host",
    "props": Object {
      "children": Array [
        <h1
          style={
                    Object {
                              "textAlign": "center",
                            }
          }
>
          Sign Up
</h1>,
        <Row
          gutter={0}
          justify="center"
          type="flex"
>
          <Col
                    lg={8}
                    md={12}
                    xs={24}
          >
                    <Apollo(Form(WrappedComponent)) />
          </Col>
</Row>,
      ],
      "className": "signup",
    },
    "ref": null,
    "rendered": Array [
      Object {
        "instance": null,
        "key": undefined,
        "nodeType": "host",
        "props": Object {
          "children": "Sign Up",
          "style": Object {
            "textAlign": "center",
          },
        },
        "ref": null,
        "rendered": "Sign Up",
        "type": "h1",
      },
      Object {
        "instance": null,
        "key": undefined,
        "nodeType": "class",
        "props": Object {
          "children": <Col
            lg={8}
            md={12}
            xs={24}
>
            <Apollo(Form(WrappedComponent)) />
</Col>,
          "gutter": 0,
          "justify": "center",
          "type": "flex",
        },
        "ref": null,
        "rendered": Object {
          "instance": null,
          "key": undefined,
          "nodeType": "class",
          "props": Object {
            "children": <Apollo(Form(WrappedComponent)) />,
            "lg": 8,
            "md": 12,
            "xs": 24,
          },
          "ref": null,
          "rendered": Object {
            "instance": null,
            "key": undefined,
            "nodeType": "class",
            "props": Object {},
            "ref": null,
            "rendered": null,
            "type": [Function],
          },
          "type": [Function],
        },
        "type": [Function],
      },
    ],
    "type": "div",
  },
  Symbol(enzyme.__nodes__): Array [
    Object {
      "instance": null,
      "key": undefined,
      "nodeType": "host",
      "props": Object {
        "children": Array [
          <h1
            style={
                        Object {
                                    "textAlign": "center",
                                  }
            }
>
            Sign Up
</h1>,
          <Row
            gutter={0}
            justify="center"
            type="flex"
>
            <Col
                        lg={8}
                        md={12}
                        xs={24}
            >
                        <Apollo(Form(WrappedComponent)) />
            </Col>
</Row>,
        ],
        "className": "signup",
      },
      "ref": null,
      "rendered": Array [
        Object {
          "instance": null,
          "key": undefined,
          "nodeType": "host",
          "props": Object {
            "children": "Sign Up",
            "style": Object {
              "textAlign": "center",
            },
          },
          "ref": null,
          "rendered": "Sign Up",
          "type": "h1",
        },
        Object {
          "instance": null,
          "key": undefined,
          "nodeType": "class",
          "props": Object {
            "children": <Col
              lg={8}
              md={12}
              xs={24}
>
              <Apollo(Form(WrappedComponent)) />
</Col>,
            "gutter": 0,
            "justify": "center",
            "type": "flex",
          },
          "ref": null,
          "rendered": Object {
            "instance": null,
            "key": undefined,
            "nodeType": "class",
            "props": Object {
              "children": <Apollo(Form(WrappedComponent)) />,
              "lg": 8,
              "md": 12,
              "xs": 24,
            },
            "ref": null,
            "rendered": Object {
              "instance": null,
              "key": undefined,
              "nodeType": "class",
              "props": Object {},
              "ref": null,
              "rendered": null,
              "type": [Function],
            },
            "type": [Function],
          },
          "type": [Function],
        },
      ],
      "type": "div",
    },
  ],
  Symbol(enzyme.__options__): Object {
    "adapter": ReactSixteenAdapter {
      "options": Object {
        "enableComponentDidUpdateOnSetState": true,
      },
    },
  },
}
`;
