// Jest Snapshot v1, https://goo.gl/fbAQLP

exports[`Footer Component renders without crashing 1`] = `
ShallowWrapper {
  "length": 1,
  Symbol(enzyme.__root__): [Circular],
  Symbol(enzyme.__unrendered__): <MainFooter />,
  Symbol(enzyme.__renderer__): Object {
    "batchedUpdates": [Function],
    "getNode": [Function],
    "render": [Function],
    "simulateEvent": [Function],
    "unmount": [Function],
  },
  Symbol(enzyme.__node__): Object {
    "instance": null,
    "key": undefined,
    "nodeType": "class",
    "props": Object {
      "children": <Adapter
        style={
                Object {
                        "textAlign": "center",
                      }
        }
>
        Made by 
        <a
                href="https://github.com/chingu-x"
        >
                Chingu X
        </a>
</Adapter>,
      "style": Object {
        "marginTop": "60px",
      },
    },
    "ref": null,
    "rendered": Object {
      "instance": null,
      "key": undefined,
      "nodeType": "class",
      "props": Object {
        "children": Array [
          "Made by ",
          <a
            href="https://github.com/chingu-x"
>
            Chingu X
</a>,
        ],
        "style": Object {
          "textAlign": "center",
        },
      },
      "ref": null,
      "rendered": Array [
        "Made by ",
        Object {
          "instance": null,
          "key": undefined,
          "nodeType": "host",
          "props": Object {
            "children": "Chingu X",
            "href": "https://github.com/chingu-x",
          },
          "ref": null,
          "rendered": "Chingu X",
          "type": "a",
        },
      ],
      "type": [Function],
    },
    "type": [Function],
  },
  Symbol(enzyme.__nodes__): Array [
    Object {
      "instance": null,
      "key": undefined,
      "nodeType": "class",
      "props": Object {
        "children": <Adapter
          style={
                    Object {
                              "textAlign": "center",
                            }
          }
>
          Made by 
          <a
                    href="https://github.com/chingu-x"
          >
                    Chingu X
          </a>
</Adapter>,
        "style": Object {
          "marginTop": "60px",
        },
      },
      "ref": null,
      "rendered": Object {
        "instance": null,
        "key": undefined,
        "nodeType": "class",
        "props": Object {
          "children": Array [
            "Made by ",
            <a
              href="https://github.com/chingu-x"
>
              Chingu X
</a>,
          ],
          "style": Object {
            "textAlign": "center",
          },
        },
        "ref": null,
        "rendered": Array [
          "Made by ",
          Object {
            "instance": null,
            "key": undefined,
            "nodeType": "host",
            "props": Object {
              "children": "Chingu X",
              "href": "https://github.com/chingu-x",
            },
            "ref": null,
            "rendered": "Chingu X",
            "type": "a",
          },
        ],
        "type": [Function],
      },
      "type": [Function],
    },
  ],
  Symbol(enzyme.__options__): Object {
    "adapter": ReactSixteenAdapter {
      "options": Object {
        "enableComponentDidUpdateOnSetState": true,
      },
    },
  },
}
`;
