// Jest Snapshot v1, https://goo.gl/fbAQLP

exports[`Navbar Component renders without crashing 1`] = `
ShallowWrapper {
  "length": 1,
  Symbol(enzyme.__root__): [Circular],
  Symbol(enzyme.__unrendered__): <Navbar
    data={
        Object {
            "loading": false,
            "user": Object {
              "id": 1,
            },
          }
    }
/>,
  Symbol(enzyme.__renderer__): Object {
    "batchedUpdates": [Function],
    "getNode": [Function],
    "render": [Function],
    "simulateEvent": [Function],
    "unmount": [Function],
  },
  Symbol(enzyme.__node__): Object {
    "instance": null,
    "key": undefined,
    "nodeType": "class",
    "props": Object {
      "children": <Adapter
        className="nav-header"
>
        <div
                className="logo"
        >
                Chingu
        </div>
        <Menu
                className=""
                mode="horizontal"
                prefixCls="ant-menu"
                style={
                        Object {
                                "lineHeight": "64px",
                              }
                }
                theme="light"
        >
                <MenuItem>
                        <Link
                                replace={false}
                                to="/"
                        >
                                Home
                        </Link>
                </MenuItem>
                <MenuItem>
                        <Link
                                replace={false}
                                to="/profile/1"
                        >
                                Profile
                        </Link>
                </MenuItem>
                <MenuItem>
                        <Link
                                replace={false}
                                to="/settings"
                        >
                                Settings
                        </Link>
                </MenuItem>
                <MenuItem>
                        <a
                                onClick={[Function]}
                        >
                                Logout
                        </a>
                </MenuItem>
        </Menu>
</Adapter>,
    },
    "ref": null,
    "rendered": Object {
      "instance": null,
      "key": undefined,
      "nodeType": "class",
      "props": Object {
        "children": Array [
          <div
            className="logo"
>
            Chingu
</div>,
          <Menu
            className=""
            mode="horizontal"
            prefixCls="ant-menu"
            style={
                        Object {
                                    "lineHeight": "64px",
                                  }
            }
            theme="light"
>
            <MenuItem>
                        <Link
                                    replace={false}
                                    to="/"
                        >
                                    Home
                        </Link>
            </MenuItem>
            <MenuItem>
                        <Link
                                    replace={false}
                                    to="/profile/1"
                        >
                                    Profile
                        </Link>
            </MenuItem>
            <MenuItem>
                        <Link
                                    replace={false}
                                    to="/settings"
                        >
                                    Settings
                        </Link>
            </MenuItem>
            <MenuItem>
                        <a
                                    onClick={[Function]}
                        >
                                    Logout
                        </a>
            </MenuItem>
</Menu>,
        ],
        "className": "nav-header",
      },
      "ref": null,
      "rendered": Array [
        Object {
          "instance": null,
          "key": undefined,
          "nodeType": "host",
          "props": Object {
            "children": "Chingu",
            "className": "logo",
          },
          "ref": null,
          "rendered": "Chingu",
          "type": "div",
        },
        Object {
          "instance": null,
          "key": undefined,
          "nodeType": "class",
          "props": Object {
            "children": Array [
              <MenuItem>
                <Link
                                replace={false}
                                to="/"
                >
                                Home
                </Link>
</MenuItem>,
              null,
              null,
              <MenuItem>
                <Link
                                replace={false}
                                to="/profile/1"
                >
                                Profile
                </Link>
</MenuItem>,
              <MenuItem>
                <Link
                                replace={false}
                                to="/settings"
                >
                                Settings
                </Link>
</MenuItem>,
              <MenuItem>
                <a
                                onClick={[Function]}
                >
                                Logout
                </a>
</MenuItem>,
            ],
            "className": "",
            "mode": "horizontal",
            "prefixCls": "ant-menu",
            "style": Object {
              "lineHeight": "64px",
            },
            "theme": "light",
          },
          "ref": null,
          "rendered": Array [
            Object {
              "instance": null,
              "key": "1",
              "nodeType": "class",
              "props": Object {
                "children": <Link
                  replace={false}
                  to="/"
>
                  Home
</Link>,
              },
              "ref": null,
              "rendered": Object {
                "instance": null,
                "key": undefined,
                "nodeType": "class",
                "props": Object {
                  "children": "Home",
                  "replace": false,
                  "to": "/",
                },
                "ref": null,
                "rendered": "Home",
                "type": [Function],
              },
              "type": [Function],
            },
            null,
            null,
            Object {
              "instance": null,
              "key": "4",
              "nodeType": "class",
              "props": Object {
                "children": <Link
                  replace={false}
                  to="/profile/1"
>
                  Profile
</Link>,
              },
              "ref": null,
              "rendered": Object {
                "instance": null,
                "key": undefined,
                "nodeType": "class",
                "props": Object {
                  "children": "Profile",
                  "replace": false,
                  "to": "/profile/1",
                },
                "ref": null,
                "rendered": "Profile",
                "type": [Function],
              },
              "type": [Function],
            },
            Object {
              "instance": null,
              "key": "5",
              "nodeType": "class",
              "props": Object {
                "children": <Link
                  replace={false}
                  to="/settings"
>
                  Settings
</Link>,
              },
              "ref": null,
              "rendered": Object {
                "instance": null,
                "key": undefined,
                "nodeType": "class",
                "props": Object {
                  "children": "Settings",
                  "replace": false,
                  "to": "/settings",
                },
                "ref": null,
                "rendered": "Settings",
                "type": [Function],
              },
              "type": [Function],
            },
            Object {
              "instance": null,
              "key": "6",
              "nodeType": "class",
              "props": Object {
                "children": <a
                  onClick={[Function]}
>
                  Logout
</a>,
              },
              "ref": null,
              "rendered": Object {
                "instance": null,
                "key": undefined,
                "nodeType": "host",
                "props": Object {
                  "children": "Logout",
                  "onClick": [Function],
                },
                "ref": null,
                "rendered": "Logout",
                "type": "a",
              },
              "type": [Function],
            },
          ],
          "type": [Function],
        },
      ],
      "type": [Function],
    },
    "type": [Function],
  },
  Symbol(enzyme.__nodes__): Array [
    Object {
      "instance": null,
      "key": undefined,
      "nodeType": "class",
      "props": Object {
        "children": <Adapter
          className="nav-header"
>
          <div
                    className="logo"
          >
                    Chingu
          </div>
          <Menu
                    className=""
                    mode="horizontal"
                    prefixCls="ant-menu"
                    style={
                              Object {
                                        "lineHeight": "64px",
                                      }
                    }
                    theme="light"
          >
                    <MenuItem>
                              <Link
                                        replace={false}
                                        to="/"
                              >
                                        Home
                              </Link>
                    </MenuItem>
                    <MenuItem>
                              <Link
                                        replace={false}
                                        to="/profile/1"
                              >
                                        Profile
                              </Link>
                    </MenuItem>
                    <MenuItem>
                              <Link
                                        replace={false}
                                        to="/settings"
                              >
                                        Settings
                              </Link>
                    </MenuItem>
                    <MenuItem>
                              <a
                                        onClick={[Function]}
                              >
                                        Logout
                              </a>
                    </MenuItem>
          </Menu>
</Adapter>,
      },
      "ref": null,
      "rendered": Object {
        "instance": null,
        "key": undefined,
        "nodeType": "class",
        "props": Object {
          "children": Array [
            <div
              className="logo"
>
              Chingu
</div>,
            <Menu
              className=""
              mode="horizontal"
              prefixCls="ant-menu"
              style={
                            Object {
                                          "lineHeight": "64px",
                                        }
              }
              theme="light"
>
              <MenuItem>
                            <Link
                                          replace={false}
                                          to="/"
                            >
                                          Home
                            </Link>
              </MenuItem>
              <MenuItem>
                            <Link
                                          replace={false}
                                          to="/profile/1"
                            >
                                          Profile
                            </Link>
              </MenuItem>
              <MenuItem>
                            <Link
                                          replace={false}
                                          to="/settings"
                            >
                                          Settings
                            </Link>
              </MenuItem>
              <MenuItem>
                            <a
                                          onClick={[Function]}
                            >
                                          Logout
                            </a>
              </MenuItem>
</Menu>,
          ],
          "className": "nav-header",
        },
        "ref": null,
        "rendered": Array [
          Object {
            "instance": null,
            "key": undefined,
            "nodeType": "host",
            "props": Object {
              "children": "Chingu",
              "className": "logo",
            },
            "ref": null,
            "rendered": "Chingu",
            "type": "div",
          },
          Object {
            "instance": null,
            "key": undefined,
            "nodeType": "class",
            "props": Object {
              "children": Array [
                <MenuItem>
                  <Link
                                    replace={false}
                                    to="/"
                  >
                                    Home
                  </Link>
</MenuItem>,
                null,
                null,
                <MenuItem>
                  <Link
                                    replace={false}
                                    to="/profile/1"
                  >
                                    Profile
                  </Link>
</MenuItem>,
                <MenuItem>
                  <Link
                                    replace={false}
                                    to="/settings"
                  >
                                    Settings
                  </Link>
</MenuItem>,
                <MenuItem>
                  <a
                                    onClick={[Function]}
                  >
                                    Logout
                  </a>
</MenuItem>,
              ],
              "className": "",
              "mode": "horizontal",
              "prefixCls": "ant-menu",
              "style": Object {
                "lineHeight": "64px",
              },
              "theme": "light",
            },
            "ref": null,
            "rendered": Array [
              Object {
                "instance": null,
                "key": "1",
                "nodeType": "class",
                "props": Object {
                  "children": <Link
                    replace={false}
                    to="/"
>
                    Home
</Link>,
                },
                "ref": null,
                "rendered": Object {
                  "instance": null,
                  "key": undefined,
                  "nodeType": "class",
                  "props": Object {
                    "children": "Home",
                    "replace": false,
                    "to": "/",
                  },
                  "ref": null,
                  "rendered": "Home",
                  "type": [Function],
                },
                "type": [Function],
              },
              null,
              null,
              Object {
                "instance": null,
                "key": "4",
                "nodeType": "class",
                "props": Object {
                  "children": <Link
                    replace={false}
                    to="/profile/1"
>
                    Profile
</Link>,
                },
                "ref": null,
                "rendered": Object {
                  "instance": null,
                  "key": undefined,
                  "nodeType": "class",
                  "props": Object {
                    "children": "Profile",
                    "replace": false,
                    "to": "/profile/1",
                  },
                  "ref": null,
                  "rendered": "Profile",
                  "type": [Function],
                },
                "type": [Function],
              },
              Object {
                "instance": null,
                "key": "5",
                "nodeType": "class",
                "props": Object {
                  "children": <Link
                    replace={false}
                    to="/settings"
>
                    Settings
</Link>,
                },
                "ref": null,
                "rendered": Object {
                  "instance": null,
                  "key": undefined,
                  "nodeType": "class",
                  "props": Object {
                    "children": "Settings",
                    "replace": false,
                    "to": "/settings",
                  },
                  "ref": null,
                  "rendered": "Settings",
                  "type": [Function],
                },
                "type": [Function],
              },
              Object {
                "instance": null,
                "key": "6",
                "nodeType": "class",
                "props": Object {
                  "children": <a
                    onClick={[Function]}
>
                    Logout
</a>,
                },
                "ref": null,
                "rendered": Object {
                  "instance": null,
                  "key": undefined,
                  "nodeType": "host",
                  "props": Object {
                    "children": "Logout",
                    "onClick": [Function],
                  },
                  "ref": null,
                  "rendered": "Logout",
                  "type": "a",
                },
                "type": [Function],
              },
            ],
            "type": [Function],
          },
        ],
        "type": [Function],
      },
      "type": [Function],
    },
  ],
  Symbol(enzyme.__options__): Object {
    "adapter": ReactSixteenAdapter {
      "options": Object {
        "enableComponentDidUpdateOnSetState": true,
      },
    },
  },
}
`;
