// Jest Snapshot v1, https://goo.gl/fbAQLP

exports[`Settings Component renders without crashing 1`] = `
ShallowWrapper {
  "length": 1,
  Symbol(enzyme.__root__): [Circular],
  Symbol(enzyme.__unrendered__): <Settings
    data={
        Object {
            "error": false,
            "loading": false,
            "user": Object {
              "first_name": "Andrés",
              "last_name": "Pérez",
            },
          }
    }
/>,
  Symbol(enzyme.__renderer__): Object {
    "batchedUpdates": [Function],
    "getNode": [Function],
    "render": [Function],
    "simulateEvent": [Function],
    "unmount": [Function],
  },
  Symbol(enzyme.__node__): Object {
    "instance": null,
    "key": undefined,
    "nodeType": "class",
    "props": Object {
      "children": <div
        className="settings"
>
        <h1
                className="text-center"
        >
                Update your settings and profile
        </h1>
        <Row
                gutter={0}
                justify="center"
                style={
                        Object {
                                "marginTop": "3rem",
                              }
                }
                type="flex"
        >
                <Col
                        lg={14}
                        md={14}
                        offset={4}
                        sm={16}
                >
                        <Apollo(Form(WrappedComponent))
                                first_name="Andrés"
                                last_name="Pérez"
                        />
                </Col>
        </Row>
</div>,
    },
    "ref": null,
    "rendered": Object {
      "instance": null,
      "key": undefined,
      "nodeType": "host",
      "props": Object {
        "children": Array [
          <h1
            className="text-center"
>
            Update your settings and profile
</h1>,
          <Row
            gutter={0}
            justify="center"
            style={
                        Object {
                                    "marginTop": "3rem",
                                  }
            }
            type="flex"
>
            <Col
                        lg={14}
                        md={14}
                        offset={4}
                        sm={16}
            >
                        <Apollo(Form(WrappedComponent))
                                    first_name="Andrés"
                                    last_name="Pérez"
                        />
            </Col>
</Row>,
        ],
        "className": "settings",
      },
      "ref": null,
      "rendered": Array [
        Object {
          "instance": null,
          "key": undefined,
          "nodeType": "host",
          "props": Object {
            "children": "Update your settings and profile",
            "className": "text-center",
          },
          "ref": null,
          "rendered": "Update your settings and profile",
          "type": "h1",
        },
        Object {
          "instance": null,
          "key": undefined,
          "nodeType": "class",
          "props": Object {
            "children": <Col
              lg={14}
              md={14}
              offset={4}
              sm={16}
>
              <Apollo(Form(WrappedComponent))
                            first_name="Andrés"
                            last_name="Pérez"
              />
</Col>,
            "gutter": 0,
            "justify": "center",
            "style": Object {
              "marginTop": "3rem",
            },
            "type": "flex",
          },
          "ref": null,
          "rendered": Object {
            "instance": null,
            "key": undefined,
            "nodeType": "class",
            "props": Object {
              "children": <Apollo(Form(WrappedComponent))
                first_name="Andrés"
                last_name="Pérez"
/>,
              "lg": 14,
              "md": 14,
              "offset": 4,
              "sm": 16,
            },
            "ref": null,
            "rendered": Object {
              "instance": null,
              "key": undefined,
              "nodeType": "class",
              "props": Object {
                "first_name": "Andrés",
                "last_name": "Pérez",
              },
              "ref": null,
              "rendered": null,
              "type": [Function],
            },
            "type": [Function],
          },
          "type": [Function],
        },
      ],
      "type": "div",
    },
    "type": [Function],
  },
  Symbol(enzyme.__nodes__): Array [
    Object {
      "instance": null,
      "key": undefined,
      "nodeType": "class",
      "props": Object {
        "children": <div
          className="settings"
>
          <h1
                    className="text-center"
          >
                    Update your settings and profile
          </h1>
          <Row
                    gutter={0}
                    justify="center"
                    style={
                              Object {
                                        "marginTop": "3rem",
                                      }
                    }
                    type="flex"
          >
                    <Col
                              lg={14}
                              md={14}
                              offset={4}
                              sm={16}
                    >
                              <Apollo(Form(WrappedComponent))
                                        first_name="Andrés"
                                        last_name="Pérez"
                              />
                    </Col>
          </Row>
</div>,
      },
      "ref": null,
      "rendered": Object {
        "instance": null,
        "key": undefined,
        "nodeType": "host",
        "props": Object {
          "children": Array [
            <h1
              className="text-center"
>
              Update your settings and profile
</h1>,
            <Row
              gutter={0}
              justify="center"
              style={
                            Object {
                                          "marginTop": "3rem",
                                        }
              }
              type="flex"
>
              <Col
                            lg={14}
                            md={14}
                            offset={4}
                            sm={16}
              >
                            <Apollo(Form(WrappedComponent))
                                          first_name="Andrés"
                                          last_name="Pérez"
                            />
              </Col>
</Row>,
          ],
          "className": "settings",
        },
        "ref": null,
        "rendered": Array [
          Object {
            "instance": null,
            "key": undefined,
            "nodeType": "host",
            "props": Object {
              "children": "Update your settings and profile",
              "className": "text-center",
            },
            "ref": null,
            "rendered": "Update your settings and profile",
            "type": "h1",
          },
          Object {
            "instance": null,
            "key": undefined,
            "nodeType": "class",
            "props": Object {
              "children": <Col
                lg={14}
                md={14}
                offset={4}
                sm={16}
>
                <Apollo(Form(WrappedComponent))
                                first_name="Andrés"
                                last_name="Pérez"
                />
</Col>,
              "gutter": 0,
              "justify": "center",
              "style": Object {
                "marginTop": "3rem",
              },
              "type": "flex",
            },
            "ref": null,
            "rendered": Object {
              "instance": null,
              "key": undefined,
              "nodeType": "class",
              "props": Object {
                "children": <Apollo(Form(WrappedComponent))
                  first_name="Andrés"
                  last_name="Pérez"
/>,
                "lg": 14,
                "md": 14,
                "offset": 4,
                "sm": 16,
              },
              "ref": null,
              "rendered": Object {
                "instance": null,
                "key": undefined,
                "nodeType": "class",
                "props": Object {
                  "first_name": "Andrés",
                  "last_name": "Pérez",
                },
                "ref": null,
                "rendered": null,
                "type": [Function],
              },
              "type": [Function],
            },
            "type": [Function],
          },
        ],
        "type": "div",
      },
      "type": [Function],
    },
  ],
  Symbol(enzyme.__options__): Object {
    "adapter": ReactSixteenAdapter {
      "options": Object {
        "enableComponentDidUpdateOnSetState": true,
      },
    },
  },
}
`;
