// Jest Snapshot v1, https://goo.gl/fbAQLP

exports[`userDataQuery should be the correct query 1`] = `
Object {
  "definitions": Array [
    Object {
      "directives": Array [],
      "kind": "OperationDefinition",
      "name": Object {
        "kind": "Name",
        "value": "userData",
      },
      "operation": "query",
      "selectionSet": Object {
        "kind": "SelectionSet",
        "selections": Array [
          Object {
            "alias": null,
            "arguments": Array [],
            "directives": Array [],
            "kind": "Field",
            "name": Object {
              "kind": "Name",
              "value": "user",
            },
            "selectionSet": Object {
              "kind": "SelectionSet",
              "selections": Array [
                Object {
                  "alias": null,
                  "arguments": Array [],
                  "directives": Array [],
                  "kind": "Field",
                  "name": Object {
                    "kind": "Name",
                    "value": "id",
                  },
                  "selectionSet": null,
                },
                Object {
                  "alias": null,
                  "arguments": Array [],
                  "directives": Array [],
                  "kind": "Field",
                  "name": Object {
                    "kind": "Name",
                    "value": "first_name",
                  },
                  "selectionSet": null,
                },
                Object {
                  "alias": null,
                  "arguments": Array [],
                  "directives": Array [],
                  "kind": "Field",
                  "name": Object {
                    "kind": "Name",
                    "value": "last_name",
                  },
                  "selectionSet": null,
                },
                Object {
                  "alias": null,
                  "arguments": Array [],
                  "directives": Array [],
                  "kind": "Field",
                  "name": Object {
                    "kind": "Name",
                    "value": "bio",
                  },
                  "selectionSet": null,
                },
                Object {
                  "alias": null,
                  "arguments": Array [],
                  "directives": Array [],
                  "kind": "Field",
                  "name": Object {
                    "kind": "Name",
                    "value": "github_url",
                  },
                  "selectionSet": null,
                },
                Object {
                  "alias": null,
                  "arguments": Array [],
                  "directives": Array [],
                  "kind": "Field",
                  "name": Object {
                    "kind": "Name",
                    "value": "twitter_url",
                  },
                  "selectionSet": null,
                },
                Object {
                  "alias": null,
                  "arguments": Array [],
                  "directives": Array [],
                  "kind": "Field",
                  "name": Object {
                    "kind": "Name",
                    "value": "linkedin_url",
                  },
                  "selectionSet": null,
                },
                Object {
                  "alias": null,
                  "arguments": Array [],
                  "directives": Array [],
                  "kind": "Field",
                  "name": Object {
                    "kind": "Name",
                    "value": "portfolio_url",
                  },
                  "selectionSet": null,
                },
                Object {
                  "alias": null,
                  "arguments": Array [],
                  "directives": Array [],
                  "kind": "Field",
                  "name": Object {
                    "kind": "Name",
                    "value": "website_url",
                  },
                  "selectionSet": null,
                },
                Object {
                  "alias": null,
                  "arguments": Array [],
                  "directives": Array [],
                  "kind": "Field",
                  "name": Object {
                    "kind": "Name",
                    "value": "blog_url",
                  },
                  "selectionSet": null,
                },
              ],
            },
          },
        ],
      },
      "variableDefinitions": Array [],
    },
  ],
  "kind": "Document",
  "loc": Object {
    "end": 200,
    "start": 0,
  },
}
`;
